Microchip MPLAB XC8 Compiler V1.21 ()

Linker command line:

--edf=C:\Program Files (x86)\Microchip\xc8\v1.21\dat\en_msgs.txt -cs \
  -h+Project_2.sym --cmf=Project_2.cmf -z -Q18F25K22 \
  -oC:\Users\Waleed\AppData\Local\Temp\sps.6 -MProject_2.map -E1 -ver=XC8 \
  -ACODE=00h-07FFFh -ACONST=00h-07FFFh -ASMALLCONST=0600h-06FFhx122 \
  -AMEDIUMCONST=0600h-07FFFh -ACOMRAM=01h-05Fh -AABS1=00h-05FFh \
  -ABIGRAM=01h-05FFh -ARAM=060h-0FFh,0100h-01FFhx5 -ABANK0=060h-0FFh \
  -ABANK1=0100h-01FFh -ABANK2=0200h-02FFh -ABANK3=0300h-03FFh \
  -ABANK4=0400h-04FFh -ABANK5=0500h-05FFh -ASFR=0F38h-0F5Fh,0F60h-0FFFh \
  -preset_vec=00h,intcode=08h,intcodelo,powerup,init,end_init \
  -pramtop=0600h -psmallconst=SMALLCONST -pmediumconst=MEDIUMCONST \
  -pconst=CONST -AFARRAM=00h-00h -ACONFIG=0300000h-030000Dh -pconfig=CONFIG \
  -AIDLOC=0200000h-0200007h -pidloc=IDLOC -AEEDATA=0F00000h-0F000FFh \
  -peeprom_data=EEDATA \
  -prdata=COMRAM,nvrram=COMRAM,nvbit=COMRAM,rbss=COMRAM,rbit=COMRAM \
  -pfarbss=FARRAM,fardata=FARRAM,nvFARRAM=FARRAM \
  -pintsave_regs=BIGRAM,bigbss=BIGRAM,bigdata=BIGRAM -pbss=RAM \
  -pidata=CODE,irdata=CODE,ibigdata=CODE,ifardata=CODE startup.obj \
  Project_2.obj 

Object code version is 3.11

Machine type is 18F25K22

Call graph: (short form)




                Name                               Link     Load   Length Selector   Space Scale
startup.obj     end_init                             88       88        4        4       0
                reset_vec                             0        0        4        0       0
                config                           300000   300000        8   300000       0
Project_2.obj   intcode                               8        8       80        4       0
                smallconst                          600      600        E      300       0
                text23                             119E     119E       10      307       0
                text21                             118C     118C       12      307       0
                text20                              F7A      F7A       54      307       0
                text19                              DA0      DA0       C0      307       0
                text18                              E60      E60       B8      307       0
                text17                              60E      60E      1CC      307       0
                text16                              B94      B94      10A      307       0
                text15                              A78      A78      11C      307       0
                text14                             1050     1050       3C      307       0
                text13                              FCE      FCE       44      307       0
                text12                              C9E      C9E      102      307       0
                text11                             10E4     10E4       2A      307       0
                text10                              7DA      7DA      15E      307       0
                text9                              110E     110E       24      307       0
                text8                              1012     1012       3E      307       0
                text7                              1178     1178       14      307       0
                text6                              1132     1132       1E      307       0
                text5                              1164     1164       14      307       0
                text4                              1150     1150       14      307       0
                text3                              11AE     11AE        E      307       0
                text2                              10B8     10B8       2C      307       0
                text1                               F18      F18       62      307       0
                text0                               938      938      140      307       0
                cstackCOMRAM                          1        1       2F        1       1
                dataCOMRAM                           48       48        1        1       1
                bssCOMRAM                            30       30       18        1       1
                cinit                              108C     108C       2C      307       0
                idataCOMRAM                        11BC     11BC        1      307       0

TOTAL           Name                               Link     Load   Length     Space
        CLASS   CODE           
                end_init                             88       88        4         0
                intcode                               8        8       80         0
                reset_vec                             0        0        4         0
                text23                             119E     119E       10         0
                text21                             118C     118C       12         0
                text20                              F7A      F7A       54         0
                text19                              DA0      DA0       C0         0
                text18                              E60      E60       B8         0
                text17                              60E      60E      1CC         0
                text16                              B94      B94      10A         0
                text15                              A78      A78      11C         0
                text14                             1050     1050       3C         0
                text13                              FCE      FCE       44         0
                text12                              C9E      C9E      102         0
                text11                             10E4     10E4       2A         0
                text10                              7DA      7DA      15E         0
                text9                              110E     110E       24         0
                text8                              1012     1012       3E         0
                text7                              1178     1178       14         0
                text6                              1132     1132       1E         0
                text5                              1164     1164       14         0
                text4                              1150     1150       14         0
                text3                              11AE     11AE        E         0
                text2                              10B8     10B8       2C         0
                text1                               F18      F18       62         0
                text0                               938      938      140         0
                cinit                              108C     108C       2C         0
                idataCOMRAM                        11BC     11BC        1         0

        CLASS   CONST          

        CLASS   SMALLCONST     
                smallconst                          600      600        E         0

        CLASS   MEDIUMCONST    

        CLASS   COMRAM         
                cstackCOMRAM                          1        1       2F         1
                dataCOMRAM                           48       48        1         1
                bssCOMRAM                            30       30       18         1

        CLASS   ABS1           

        CLASS   BIGRAM         

        CLASS   RAM            

        CLASS   BANK0          

        CLASS   BANK1          

        CLASS   BANK2          

        CLASS   BANK3          

        CLASS   BANK4          

        CLASS   BANK5          

        CLASS   SFR            

        CLASS   FARRAM         

        CLASS   CONFIG         
                config                           300000   300000        8         0

        CLASS   IDLOC          

        CLASS   EEDATA         



SEGMENTS        Name                           Load    Length   Top    Selector   Space  Class

                reset_vec                      000000  000004  000004         0       0  CODE    
                cstackCOMRAM                   000001  000048  000049         1       1  COMRAM  
                intcode                        000008  000084  00008C         4       0  CODE    
                smallconst                     000600  00000E  00060E       300       0  SMALLCON
                text17                         00060E  000BAF  0011BD       307       0  CODE    
                config                         300000  000008  300008    300000       0  CONFIG  


UNUSED ADDRESS RANGES

        Name                Unused          Largest block    Delta
        BANK0            000060-0000FF               A0
        BANK1            000100-0001FF              100
        BANK2            000200-0002FF              100
        BANK3            000300-0003FF              100
        BANK4            000400-0004FF              100
        BANK5            000500-0005FF              100
        BIGRAM           000049-0005FF              5B7
        CODE             000004-000007                4
                         00008C-0005FF              574
                         0011BD-007FFF             6E43
        COMRAM           000049-00005F               17
        CONFIG           300008-30000D                6
        CONST            000004-000007                4
                         00008C-0005FF              574
                         0011BD-007FFF             6E43
        EEDATA           F00000-F000FF              100
        IDLOC            200000-200007                8
        MEDIUMCONST      0011BD-007FFF             6E43
        RAM              000060-0005FF              100
        SFR              000F38-000FFF               28
        SMALLCONST       0011BD-007FFF              100

                                  Symbol Table

?___asftmul                    cstackCOMRAM 000029
?___awtoft                     cstackCOMRAM 000018
?___ftadd                      cstackCOMRAM 00001D
?___ftdiv                      cstackCOMRAM 000018
?___ftmul                      cstackCOMRAM 000018
?___ftpack                     cstackCOMRAM 000010
?___fttol                      cstackCOMRAM 000010
?___lbtoft                     cstackCOMRAM 000018
?_send_msg                     cstackCOMRAM 000014
?_set_address_line1            cstackCOMRAM 000015
?_set_address_line2            cstackCOMRAM 000015
?_write_4bit_data              cstackCOMRAM 000010
?_write_8bit_data              cstackCOMRAM 000010
?_write_command                cstackCOMRAM 000013
?_write_data                   cstackCOMRAM 000013
Flow_Rate@i                    cstackCOMRAM 000010
_ANSELA                        (abs)        000F38
_ANSELB                        (abs)        000F39
_ANSELC                        (abs)        000F3A
_Flow_Rate                     text9        00110E
_INT0_isr                      text23       00119E
_INTCONbits                    (abs)        000FF2
_LATB1                         (abs)        007C51
_LATB2                         (abs)        007C52
_N                             bssCOMRAM    000030
_OSCCON                        (abs)        000FD3
_PORTA                         (abs)        000F80
_PORTB                         (abs)        000F81
_PORTC                         (abs)        000F82
_PORTCbits                     (abs)        000F82
_Step_Number                   bssCOMRAM    000033
_Syringe_Calibration           bssCOMRAM    000036
_TENS1                         bssCOMRAM    00003E
_TENTHS1                       bssCOMRAM    00003F
_TRISA                         (abs)        000F92
_TRISB                         (abs)        000F93
_TRISBbits                     (abs)        000F93
_TRISC                         (abs)        000F94
_UNITS1                        bssCOMRAM    000040
__CFG_FOSC$INTIO67             (abs)        000000
__CFG_IESO$OFF                 (abs)        000000
__CFG_LVP$OFF                  (abs)        000000
__CFG_MCLRE$EXTMCLR            (abs)        000000
__CFG_WDTEN$OFF                (abs)        000000
__HRAM                         (abs)        000000
__Habs1                        abs1         000000
__Hbank0                       bank0        000000
__Hbank1                       bank1        000000
__Hbank2                       bank2        000000
__Hbank3                       bank3        000000
__Hbank4                       bank4        000000
__Hbank5                       bank5        000000
__Hbigbss                      bigbss       000000
__Hbigdata                     bigdata      000000
__Hbigram                      bigram       000000
__Hbss                         bss          000000
__HbssCOMRAM                   bssCOMRAM    000000
__Hcinit                       cinit        000000
__Hclrtext                     clrtext      000000
__Hcomram                      comram       000000
__Hconfig                      config       300008
__Hconst                       const        000000
__HcstackCOMRAM                cstackCOMRAM 000000
__Hdata                        data         000000
__HdataCOMRAM                  dataCOMRAM   000000
__Heeprom_data                 eeprom_data  000000
__Hend_init                    end_init     00008C
__Hfarbss                      farbss       000000
__Hfardata                     fardata      000000
__Hibigdata                    ibigdata     000000
__Hidata                       idata        000000
__HidataCOMRAM                 idataCOMRAM  000000
__Hidloc                       idloc        000000
__Hifardata                    ifardata     000000
__Hinit                        init         000088
__Hintcode                     intcode      000088
__Hintcode_body                intcode_body 000000
__Hintcodelo                   intcodelo    000088
__Hintentry                    intentry     000000
__Hintret                      intret       000000
__Hintsave_regs                intsave_regs 000000
__Hirdata                      irdata       000000
__Hmediumconst                 mediumconst  000000
__HnvFARRAM                    nvFARRAM     000000
__Hnvbit                       nvbit        000000
__Hnvrram                      nvrram       000000
__Hparam                       rparam       000000
__Hpowerup                     powerup      000088
__Hram                         ram          000000
__Hramtop                      ramtop       000600
__Hrbit                        rbit         000000
__Hrbss                        rbss         000000
__Hrdata                       rdata        000000
__Hreset_vec                   reset_vec    000004
__Hrparam                      rparam       000000
__Hsfr                         sfr          000000
__Hsmallconst                  smallconst   00060E
__Hstruct                      struct       000000
__Htemp                        temp         000000
__Htext                        text         000000
__Htext0                       text0        000000
__Htext1                       text1        000000
__Htext10                      text10       000000
__Htext11                      text11       000000
__Htext12                      text12       000000
__Htext13                      text13       000000
__Htext14                      text14       000000
__Htext15                      text15       000000
__Htext16                      text16       000000
__Htext17                      text17       000000
__Htext18                      text18       000000
__Htext19                      text19       000000
__Htext2                       text2        000000
__Htext20                      text20       000000
__Htext21                      text21       000000
__Htext23                      text23       000000
__Htext3                       text3        000000
__Htext4                       text4        000000
__Htext5                       text5        000000
__Htext6                       text6        000000
__Htext7                       text7        000000
__Htext8                       text8        000000
__Htext9                       text9        000000
__LRAM                         (abs)        000001
__Labs1                        abs1         000000
__Lbank0                       bank0        000000
__Lbank1                       bank1        000000
__Lbank2                       bank2        000000
__Lbank3                       bank3        000000
__Lbank4                       bank4        000000
__Lbank5                       bank5        000000
__Lbigbss                      bigbss       000000
__Lbigdata                     bigdata      000000
__Lbigram                      bigram       000000
__Lbss                         bss          000000
__LbssCOMRAM                   bssCOMRAM    000000
__Lcinit                       cinit        000000
__Lclrtext                     clrtext      000000
__Lcomram                      comram       000000
__Lconfig                      config       300000
__Lconst                       const        000000
__LcstackCOMRAM                cstackCOMRAM 000000
__Ldata                        data         000000
__LdataCOMRAM                  dataCOMRAM   000000
__Leeprom_data                 eeprom_data  000000
__Lend_init                    end_init     000088
__Lfarbss                      farbss       000000
__Lfardata                     fardata      000000
__Libigdata                    ibigdata     000000
__Lidata                       idata        000000
__LidataCOMRAM                 idataCOMRAM  000000
__Lidloc                       idloc        000000
__Lifardata                    ifardata     000000
__Linit                        init         000088
__Lintcode                     intcode      000008
__Lintcode_body                intcode_body 000000
__Lintcodelo                   intcodelo    000088
__Lintentry                    intentry     000000
__Lintret                      intret       000000
__Lintsave_regs                intsave_regs 000000
__Lirdata                      irdata       000000
__Lmediumconst                 mediumconst  000000
__LnvFARRAM                    nvFARRAM     000000
__Lnvbit                       nvbit        000000
__Lnvrram                      nvrram       000000
__Lparam                       rparam       000000
__Lpowerup                     powerup      000088
__Lram                         ram          000000
__Lramtop                      ramtop       000600
__Lrbit                        rbit         000000
__Lrbss                        rbss         000000
__Lrdata                       rdata        000000
__Lreset_vec                   reset_vec    000000
__Lrparam                      rparam       000000
__Lsfr                         sfr          000000
__Lsmallconst                  smallconst   000600
__Lstruct                      struct       000000
__Ltemp                        temp         000000
__Ltext                        text         000000
__Ltext0                       text0        000000
__Ltext1                       text1        000000
__Ltext10                      text10       000000
__Ltext11                      text11       000000
__Ltext12                      text12       000000
__Ltext13                      text13       000000
__Ltext14                      text14       000000
__Ltext15                      text15       000000
__Ltext16                      text16       000000
__Ltext17                      text17       000000
__Ltext18                      text18       000000
__Ltext19                      text19       000000
__Ltext2                       text2        000000
__Ltext20                      text20       000000
__Ltext21                      text21       000000
__Ltext23                      text23       000000
__Ltext3                       text3        000000
__Ltext4                       text4        000000
__Ltext5                       text5        000000
__Ltext6                       text6        000000
__Ltext7                       text7        000000
__Ltext8                       text8        000000
__Ltext9                       text9        000000
__S0                           (abs)        300008
__S1                           (abs)        000049
___asftmul                     text14       001050
___asftmul@f1p                 cstackCOMRAM 000029
___asftmul@f2                  cstackCOMRAM 00002B
___awtoft                      text13       000FCE
___awtoft@c                    cstackCOMRAM 000018
___awtoft@sign                 cstackCOMRAM 00001C
___ftadd                       text17       00060E
___ftadd@exp1                  cstackCOMRAM 00002A
___ftadd@exp2                  cstackCOMRAM 000029
___ftadd@f1                    cstackCOMRAM 00001D
___ftadd@f2                    cstackCOMRAM 000020
___ftadd@sign                  cstackCOMRAM 000028
___ftdiv                       text16       000B94
___ftdiv@cntr                  cstackCOMRAM 000026
___ftdiv@exp                   cstackCOMRAM 000027
___ftdiv@f1                    cstackCOMRAM 000018
___ftdiv@f2                    cstackCOMRAM 00001B
___ftdiv@f3                    cstackCOMRAM 000023
___ftdiv@sign                  cstackCOMRAM 000028
___ftmul                       text15       000A78
___ftmul@cntr                  cstackCOMRAM 000027
___ftmul@exp                   cstackCOMRAM 000026
___ftmul@f1                    cstackCOMRAM 000018
___ftmul@f2                    cstackCOMRAM 00001B
___ftmul@f3_as_product         cstackCOMRAM 000023
___ftmul@sign                  cstackCOMRAM 000028
___ftpack                      text18       000E60
___ftpack@arg                  cstackCOMRAM 000010
___ftpack@exp                  cstackCOMRAM 000013
___ftpack@sign                 cstackCOMRAM 000014
___fttol                       text12       000C9E
___fttol@exp1                  cstackCOMRAM 00001E
___fttol@f1                    cstackCOMRAM 000010
___fttol@lval                  cstackCOMRAM 00001A
___fttol@sign1                 cstackCOMRAM 000019
___lbtoft                      text11       0010E4
___lbtoft@c                    cstackCOMRAM 000018
__accesstop                    (abs)        000060
__activetblptr                 (abs)        000001
__end_of_Flow_Rate             text9        001132
__end_of_INT0_isr              text23       0011AE
__end_of___asftmul             text14       00108C
__end_of___awtoft              text13       001012
__end_of___ftadd               text17       0007DA
__end_of___ftdiv               text16       000C9E
__end_of___ftmul               text15       000B94
__end_of___ftpack              text18       000F18
__end_of___fttol               text12       000DA0
__end_of___lbtoft              text11       00110E
__end_of__initialization       cinit        0010AA
__end_of__stringdata           smallconst   00060D
__end_of_caluclation           text10       000938
__end_of_chk_isr               intcode      000088
__end_of_dec_ASCII             text7        00118C
__end_of_display               text1        000F7A
__end_of_init                  text8        001050
__end_of_init_display          text19       000E60
__end_of_main                  text0        000A78
__end_of_send_msg              text2        0010E4
__end_of_set_address_line1     text5        001178
__end_of_set_address_line2     text4        001164
__end_of_write_4bit_data       text20       000FCE
__end_of_write_8bit_data       text21       00119E
__end_of_write_command         text6        001150
__end_of_write_data            text3        0011BC
__initialization               cinit        00108C
__mediumconst                  mediumconst  000000
__pbssCOMRAM                   bssCOMRAM    000030
__pcinit                       cinit        00108C
__pcstackCOMRAM                cstackCOMRAM 000001
__pdataCOMRAM                  dataCOMRAM   000048
__pidataCOMRAM                 idataCOMRAM  0011BC
__pintcode                     intcode      000008
__psmallconst                  smallconst   000600
__ptext0                       text0        000938
__ptext1                       text1        000F18
__ptext10                      text10       0007DA
__ptext11                      text11       0010E4
__ptext12                      text12       000C9E
__ptext13                      text13       000FCE
__ptext14                      text14       001050
__ptext15                      text15       000A78
__ptext16                      text16       000B94
__ptext17                      text17       00060E
__ptext18                      text18       000E60
__ptext19                      text19       000DA0
__ptext2                       text2        0010B8
__ptext20                      text20       000F7A
__ptext21                      text21       00118C
__ptext23                      text23       00119E
__ptext3                       text3        0011AE
__ptext4                       text4        001150
__ptext5                       text5        001164
__ptext6                       text6        001132
__ptext7                       text7        001178
__ptext8                       text8        001012
__ptext9                       text9        00110E
__ramtop                       ramtop       000600
__size_of_Flow_Rate            (abs)        000000
__size_of_INT0_isr             (abs)        000000
__size_of___asftmul            (abs)        000000
__size_of___awtoft             (abs)        000000
__size_of___ftadd              (abs)        000000
__size_of___ftdiv              (abs)        000000
__size_of___ftmul              (abs)        000000
__size_of___ftpack             (abs)        000000
__size_of___fttol              (abs)        000000
__size_of___lbtoft             (abs)        000000
__size_of_caluclation          (abs)        000000
__size_of_chk_isr              (abs)        000000
__size_of_dec_ASCII            (abs)        000000
__size_of_display              (abs)        000000
__size_of_init                 (abs)        000000
__size_of_init_display         (abs)        000000
__size_of_main                 (abs)        000000
__size_of_send_msg             (abs)        000000
__size_of_set_address_line1    (abs)        000000
__size_of_set_address_line2    (abs)        000000
__size_of_write_4bit_data      (abs)        000000
__size_of_write_8bit_data      (abs)        000000
__size_of_write_command        (abs)        000000
__size_of_write_data           (abs)        000000
__smallconst                   smallconst   000600
__stringdata                   smallconst   000600
_caluclation                   text10       0007DA
_chk_isr                       intcode      000008
_control                       dataCOMRAM   000048
_dec_ASCII                     text7        001178
_display                       text1        000F18
_i                             bssCOMRAM    000041
_init                          text8        001012
_init_display                  text19       000DA0
_main                          text0        000938
_rate                          bssCOMRAM    00003C
_send_msg                      text2        0010B8
_set_address_line1             text5        001164
_set_address_line2             text4        001150
_t                             bssCOMRAM    000039
_tens                          bssCOMRAM    000042
_tenths                        bssCOMRAM    000043
_units                         bssCOMRAM    000044
_value                         bssCOMRAM    000045
_write_4bit_data               text20       000F7A
_write_8bit_data               text21       00118C
_write_command                 text6        001132
_write_data                    text3        0011AE
end_of_initialization          cinit        0010AA
intlevel0                      text         000000
intlevel1                      text         000000
intlevel2                      text         000000
intlevel3                      text         000000
send_msg@text                  cstackCOMRAM 000014
set_address_line1@position     cstackCOMRAM 000015
set_address_line2@position     cstackCOMRAM 000015
start                          init         000088
start_initialization           cinit        00108C
write_4bit_data@data_to_send   cstackCOMRAM 000010
write_4bit_data@temp           cstackCOMRAM 000012
write_8bit_data@data_to_send   cstackCOMRAM 000010
write_command@command_to_write cstackCOMRAM 000013
write_data@data_to_write       cstackCOMRAM 000013


FUNCTION INFORMATION:

 *************** function _main *****************
 Defined at:
		line 92 in file "D:\WALEED\live_person\Tahani\bandar\B_stepper\STEPPER\main.c"
 Parameters:    Size  Location     Type
		None
 Auto vars:     Size  Location     Type
		None
 Return value:  Size  Location     Type
		None               void
 Registers used:
		wreg, fsr0l, fsr0h, fsr1l, fsr1h, fsr1l, fsr1h, fsr2l, fsr2h, status,2, status,0, pclat, btemp, btemp+1, btemp+2, btemp+3, btemp+4, btemp+5, btemp+6, btemp+7, tosl, structret, tblptrl, tblptrh, tblptru, prodl, prodh, bsr, cstack
 Tracked objects:
		On entry : 
		On exit  : 
		Unchanged: 
 Data sizes:     COMRAM   BANK0   BANK1   BANK2   BANK3   BANK4   BANK5
      Params:         0       0       0       0       0       0       0
      Locals:         0       0       0       0       0       0       0
      Temps:          1       0       0       0       0       0       0
      Totals:         1       0       0       0       0       0       0
Total ram usage:        1 bytes
 Hardware stack levels required when called:    6
 This function calls:
		_init_display
		_caluclation
		_Flow_Rate
		_init
		_dec_ASCII
		_display
 This function is called by:
		Startup code after reset
 This function uses a non-reentrant model


 *************** function _display *****************
 Defined at:
		line 78 in file "D:\WALEED\live_person\Tahani\bandar\B_stepper\STEPPER\main.c"
 Parameters:    Size  Location     Type
		None
 Auto vars:     Size  Location     Type
		None
 Return value:  Size  Location     Type
		None               void
 Registers used:
		wreg, status,2, status,0, tblptrl, tblptrh, tblptru, cstack
 Tracked objects:
		On entry : 
		On exit  : 
		Unchanged: 
 Data sizes:     COMRAM   BANK0   BANK1   BANK2   BANK3   BANK4   BANK5
      Params:         0       0       0       0       0       0       0
      Locals:         0       0       0       0       0       0       0
      Temps:          1       0       0       0       0       0       0
      Totals:         1       0       0       0       0       0       0
Total ram usage:        1 bytes
 Hardware stack levels used:    1
 Hardware stack levels required when called:    5
 This function calls:
		_write_data
		_set_address_line1
		_set_address_line2
		_send_msg
 This function is called by:
		_main
 This function uses a non-reentrant model


 *************** function _send_msg *****************
 Defined at:
		line 82 in file "D:\WALEED\live_person\Tahani\bandar\B_stepper\STEPPER\LCD.c"
 Parameters:    Size  Location     Type
  text            2   19[COMRAM] PTR const unsigned char 
		 -> STR_2(6), STR_1(7), 
 Auto vars:     Size  Location     Type
		None
 Return value:  Size  Location     Type
		None               void
 Registers used:
		wreg, status,2, status,0, tblptrl, tblptrh, tblptru, cstack
 Tracked objects:
		On entry : 
		On exit  : 
		Unchanged: 
 Data sizes:     COMRAM   BANK0   BANK1   BANK2   BANK3   BANK4   BANK5
      Params:         2       0       0       0       0       0       0
      Locals:         0       0       0       0       0       0       0
      Temps:          0       0       0       0       0       0       0
      Totals:         2       0       0       0       0       0       0
Total ram usage:        2 bytes
 Hardware stack levels used:    1
 Hardware stack levels required when called:    4
 This function calls:
		_write_data
 This function is called by:
		_display
 This function uses a non-reentrant model


 *************** function _write_data *****************
 Defined at:
		line 53 in file "D:\WALEED\live_person\Tahani\bandar\B_stepper\STEPPER\LCD.c"
 Parameters:    Size  Location     Type
  data_to_writ    1   18[COMRAM] unsigned char 
 Auto vars:     Size  Location     Type
		None
 Return value:  Size  Location     Type
		None               void
 Registers used:
		wreg, status,2, status,0, cstack
 Tracked objects:
		On entry : 
		On exit  : 
		Unchanged: 
 Data sizes:     COMRAM   BANK0   BANK1   BANK2   BANK3   BANK4   BANK5
      Params:         1       0       0       0       0       0       0
      Locals:         0       0       0       0       0       0       0
      Temps:          0       0       0       0       0       0       0
      Totals:         1       0       0       0       0       0       0
Total ram usage:        1 bytes
 Hardware stack levels used:    1
 Hardware stack levels required when called:    3
 This function calls:
		_write_4bit_data
 This function is called by:
		_send_msg
		_display
 This function uses a non-reentrant model


 *************** function _set_address_line2 *****************
 Defined at:
		line 71 in file "D:\WALEED\live_person\Tahani\bandar\B_stepper\STEPPER\LCD.c"
 Parameters:    Size  Location     Type
  position        1   20[COMRAM] unsigned char 
 Auto vars:     Size  Location     Type
		None
 Return value:  Size  Location     Type
		None               void
 Registers used:
		wreg, status,2, status,0, cstack
 Tracked objects:
		On entry : 
		On exit  : 
		Unchanged: 
 Data sizes:     COMRAM   BANK0   BANK1   BANK2   BANK3   BANK4   BANK5
      Params:         1       0       0       0       0       0       0
      Locals:         0       0       0       0       0       0       0
      Temps:          0       0       0       0       0       0       0
      Totals:         1       0       0       0       0       0       0
Total ram usage:        1 bytes
 Hardware stack levels used:    1
 Hardware stack levels required when called:    4
 This function calls:
		_write_command
 This function is called by:
		_display
 This function uses a non-reentrant model


 *************** function _set_address_line1 *****************
 Defined at:
		line 66 in file "D:\WALEED\live_person\Tahani\bandar\B_stepper\STEPPER\LCD.c"
 Parameters:    Size  Location     Type
  position        1   20[COMRAM] unsigned char 
 Auto vars:     Size  Location     Type
		None
 Return value:  Size  Location     Type
		None               void
 Registers used:
		wreg, status,2, status,0, cstack
 Tracked objects:
		On entry : 
		On exit  : 
		Unchanged: 
 Data sizes:     COMRAM   BANK0   BANK1   BANK2   BANK3   BANK4   BANK5
      Params:         1       0       0       0       0       0       0
      Locals:         0       0       0       0       0       0       0
      Temps:          0       0       0       0       0       0       0
      Totals:         1       0       0       0       0       0       0
Total ram usage:        1 bytes
 Hardware stack levels used:    1
 Hardware stack levels required when called:    4
 This function calls:
		_write_command
 This function is called by:
		_display
 This function uses a non-reentrant model


 *************** function _write_command *****************
 Defined at:
		line 59 in file "D:\WALEED\live_person\Tahani\bandar\B_stepper\STEPPER\LCD.c"
 Parameters:    Size  Location     Type
  command_to_w    1   18[COMRAM] unsigned char 
 Auto vars:     Size  Location     Type
		None
 Return value:  Size  Location     Type
		None               void
 Registers used:
		wreg, status,2, status,0, cstack
 Tracked objects:
		On entry : 
		On exit  : 
		Unchanged: 
 Data sizes:     COMRAM   BANK0   BANK1   BANK2   BANK3   BANK4   BANK5
      Params:         1       0       0       0       0       0       0
      Locals:         0       0       0       0       0       0       0
      Temps:          1       0       0       0       0       0       0
      Totals:         2       0       0       0       0       0       0
Total ram usage:        2 bytes
 Hardware stack levels used:    1
 Hardware stack levels required when called:    3
 This function calls:
		_write_4bit_data
 This function is called by:
		_set_address_line1
		_set_address_line2
		_clear_display
 This function uses a non-reentrant model


 *************** function _dec_ASCII *****************
 Defined at:
		line 71 in file "D:\WALEED\live_person\Tahani\bandar\B_stepper\STEPPER\main.c"
 Parameters:    Size  Location     Type
		None
 Auto vars:     Size  Location     Type
		None
 Return value:  Size  Location     Type
		None               void
 Registers used:
		wreg, status,2, status,0
 Tracked objects:
		On entry : 
		On exit  : 
		Unchanged: 
 Data sizes:     COMRAM   BANK0   BANK1   BANK2   BANK3   BANK4   BANK5
      Params:         0       0       0       0       0       0       0
      Locals:         0       0       0       0       0       0       0
      Temps:          0       0       0       0       0       0       0
      Totals:         0       0       0       0       0       0       0
Total ram usage:        0 bytes
 Hardware stack levels used:    1
 Hardware stack levels required when called:    2
 This function calls:
		Nothing
 This function is called by:
		_main
 This function uses a non-reentrant model


 *************** function _init *****************
 Defined at:
		line 53 in file "D:\WALEED\live_person\Tahani\bandar\B_stepper\STEPPER\main.c"
 Parameters:    Size  Location     Type
		None
 Auto vars:     Size  Location     Type
		None
 Return value:  Size  Location     Type
		None               void
 Registers used:
		wreg, status,2
 Tracked objects:
		On entry : 
		On exit  : 
		Unchanged: 
 Data sizes:     COMRAM   BANK0   BANK1   BANK2   BANK3   BANK4   BANK5
      Params:         0       0       0       0       0       0       0
      Locals:         0       0       0       0       0       0       0
      Temps:          0       0       0       0       0       0       0
      Totals:         0       0       0       0       0       0       0
Total ram usage:        0 bytes
 Hardware stack levels used:    1
 Hardware stack levels required when called:    2
 This function calls:
		Nothing
 This function is called by:
		_main
 This function uses a non-reentrant model


 *************** function _Flow_Rate *****************
 Defined at:
		line 38 in file "D:\WALEED\live_person\Tahani\bandar\B_stepper\STEPPER\main.c"
 Parameters:    Size  Location     Type
		None
 Auto vars:     Size  Location     Type
  i               2   15[COMRAM] unsigned int 
 Return value:  Size  Location     Type
		None               void
 Registers used:
		wreg, status,2, status,0
 Tracked objects:
		On entry : 
		On exit  : 
		Unchanged: 
 Data sizes:     COMRAM   BANK0   BANK1   BANK2   BANK3   BANK4   BANK5
      Params:         0       0       0       0       0       0       0
      Locals:         2       0       0       0       0       0       0
      Temps:          0       0       0       0       0       0       0
      Totals:         2       0       0       0       0       0       0
Total ram usage:        2 bytes
 Hardware stack levels used:    1
 Hardware stack levels required when called:    2
 This function calls:
		Nothing
 This function is called by:
		_main
 This function uses a non-reentrant model


 *************** function _caluclation *****************
 Defined at:
		line 24 in file "D:\WALEED\live_person\Tahani\bandar\B_stepper\STEPPER\main.c"
 Parameters:    Size  Location     Type
		None
 Auto vars:     Size  Location     Type
		None
 Return value:  Size  Location     Type
		None               void
 Registers used:
		wreg, fsr0l, fsr0h, fsr1l, fsr1h, fsr1l, fsr1h, fsr2l, fsr2h, status,2, status,0, pclat, btemp, btemp+1, btemp+2, btemp+3, btemp+4, btemp+5, btemp+6, btemp+7, tosl, structret, tblptrl, tblptrh, tblptru, prodl, prodh, bsr, cstack
 Tracked objects:
		On entry : 
		On exit  : 
		Unchanged: 
 Data sizes:     COMRAM   BANK0   BANK1   BANK2   BANK3   BANK4   BANK5
      Params:         0       0       0       0       0       0       0
      Locals:         0       0       0       0       0       0       0
      Temps:          1       0       0       0       0       0       0
      Totals:         1       0       0       0       0       0       0
Total ram usage:        1 bytes
 Hardware stack levels used:    1
 Hardware stack levels required when called:    5
 This function calls:
		___ftadd
		___ftdiv
		___asftmul
		___ftmul
		___awtoft
		___fttol
		___lbtoft
 This function is called by:
		_main
 This function uses a non-reentrant model


 *************** function ___lbtoft *****************
 Defined at:
		line 28 in file "C:\Program Files (x86)\Microchip\xc8\v1.21\sources\common\lbtoft.c"
 Parameters:    Size  Location     Type
  c               1   23[COMRAM] unsigned char 
 Auto vars:     Size  Location     Type
		None
 Return value:  Size  Location     Type
                  3   23[COMRAM] float 
 Registers used:
		wreg, status,2, status,0, cstack
 Tracked objects:
		On entry : 
		On exit  : 
		Unchanged: 
 Data sizes:     COMRAM   BANK0   BANK1   BANK2   BANK3   BANK4   BANK5
      Params:         3       0       0       0       0       0       0
      Locals:         0       0       0       0       0       0       0
      Temps:          2       0       0       0       0       0       0
      Totals:         5       0       0       0       0       0       0
Total ram usage:        5 bytes
 Hardware stack levels used:    1
 Hardware stack levels required when called:    3
 This function calls:
		___ftpack
 This function is called by:
		_caluclation
 This function uses a non-reentrant model


 *************** function ___fttol *****************
 Defined at:
		line 45 in file "C:\Program Files (x86)\Microchip\xc8\v1.21\sources\common\fttol.c"
 Parameters:    Size  Location     Type
  f1              3   15[COMRAM] float 
 Auto vars:     Size  Location     Type
  lval            4   25[COMRAM] unsigned long 
  exp1            1   29[COMRAM] unsigned char 
  sign1           1   24[COMRAM] unsigned char 
 Return value:  Size  Location     Type
                  4   15[COMRAM] long 
 Registers used:
		wreg, status,2, status,0
 Tracked objects:
		On entry : 
		On exit  : 
		Unchanged: 
 Data sizes:     COMRAM   BANK0   BANK1   BANK2   BANK3   BANK4   BANK5
      Params:         4       0       0       0       0       0       0
      Locals:         6       0       0       0       0       0       0
      Temps:          5       0       0       0       0       0       0
      Totals:        15       0       0       0       0       0       0
Total ram usage:       15 bytes
 Hardware stack levels used:    1
 Hardware stack levels required when called:    2
 This function calls:
		Nothing
 This function is called by:
		_caluclation
 This function uses a non-reentrant model


 *************** function ___awtoft *****************
 Defined at:
		line 33 in file "C:\Program Files (x86)\Microchip\xc8\v1.21\sources\common\awtoft.c"
 Parameters:    Size  Location     Type
  c               2   23[COMRAM] int 
 Auto vars:     Size  Location     Type
  sign            1   27[COMRAM] unsigned char 
 Return value:  Size  Location     Type
                  3   23[COMRAM] float 
 Registers used:
		wreg, status,2, status,0, cstack
 Tracked objects:
		On entry : 
		On exit  : 
		Unchanged: 
 Data sizes:     COMRAM   BANK0   BANK1   BANK2   BANK3   BANK4   BANK5
      Params:         3       0       0       0       0       0       0
      Locals:         1       0       0       0       0       0       0
      Temps:          1       0       0       0       0       0       0
      Totals:         5       0       0       0       0       0       0
Total ram usage:        5 bytes
 Hardware stack levels used:    1
 Hardware stack levels required when called:    3
 This function calls:
		___ftpack
 This function is called by:
		_caluclation
 This function uses a non-reentrant model


 *************** function ___asftmul *****************
 Defined at:
		line 5 in file "C:\Program Files (x86)\Microchip\xc8\v1.21\sources\pic18\asftmul.c"
 Parameters:    Size  Location     Type
  f1p             2   40[COMRAM] PTR float 
		 -> value(3), 
  f2              3   42[COMRAM] float 
 Auto vars:     Size  Location     Type
		None
 Return value:  Size  Location     Type
                  3   40[COMRAM] float 
 Registers used:
		wreg, fsr0l, fsr0h, fsr1l, fsr1h, fsr1l, fsr1h, fsr2l, fsr2h, status,2, status,0, pclat, btemp, btemp+1, btemp+2, btemp+3, btemp+4, btemp+5, btemp+6, btemp+7, tosl, structret, tblptrl, tblptrh, tblptru, prodl, prodh, bsr, cstack
 Tracked objects:
		On entry : 
		On exit  : 
		Unchanged: 
 Data sizes:     COMRAM   BANK0   BANK1   BANK2   BANK3   BANK4   BANK5
      Params:         5       0       0       0       0       0       0
      Locals:         0       0       0       0       0       0       0
      Temps:          0       0       0       0       0       0       0
      Totals:         5       0       0       0       0       0       0
Total ram usage:        5 bytes
 Hardware stack levels used:    1
 Hardware stack levels required when called:    4
 This function calls:
		___ftmul
 This function is called by:
		_caluclation
 This function uses a non-reentrant model


 *************** function ___ftmul *****************
 Defined at:
		line 52 in file "C:\Program Files (x86)\Microchip\xc8\v1.21\sources\common\ftmul.c"
 Parameters:    Size  Location     Type
  f1              3   23[COMRAM] float 
  f2              3   26[COMRAM] float 
 Auto vars:     Size  Location     Type
  f3_as_produc    3   34[COMRAM] unsigned um
  sign            1   39[COMRAM] unsigned char 
  cntr            1   38[COMRAM] unsigned char 
  exp             1   37[COMRAM] unsigned char 
 Return value:  Size  Location     Type
                  3   23[COMRAM] float 
 Registers used:
		wreg, status,2, status,0, cstack
 Tracked objects:
		On entry : 
		On exit  : 
		Unchanged: 
 Data sizes:     COMRAM   BANK0   BANK1   BANK2   BANK3   BANK4   BANK5
      Params:         6       0       0       0       0       0       0
      Locals:         6       0       0       0       0       0       0
      Temps:          5       0       0       0       0       0       0
      Totals:        17       0       0       0       0       0       0
Total ram usage:       17 bytes
 Hardware stack levels used:    1
 Hardware stack levels required when called:    3
 This function calls:
		___ftpack
 This function is called by:
		_caluclation
		___asftmul
 This function uses a non-reentrant model


 *************** function ___ftdiv *****************
 Defined at:
		line 50 in file "C:\Program Files (x86)\Microchip\xc8\v1.21\sources\common\ftdiv.c"
 Parameters:    Size  Location     Type
  f1              3   23[COMRAM] float 
  f2              3   26[COMRAM] float 
 Auto vars:     Size  Location     Type
  f3              3   34[COMRAM] float 
  sign            1   39[COMRAM] unsigned char 
  exp             1   38[COMRAM] unsigned char 
  cntr            1   37[COMRAM] unsigned char 
 Return value:  Size  Location     Type
                  3   23[COMRAM] float 
 Registers used:
		wreg, status,2, status,0, cstack
 Tracked objects:
		On entry : 
		On exit  : 
		Unchanged: 
 Data sizes:     COMRAM   BANK0   BANK1   BANK2   BANK3   BANK4   BANK5
      Params:         6       0       0       0       0       0       0
      Locals:         6       0       0       0       0       0       0
      Temps:          5       0       0       0       0       0       0
      Totals:        17       0       0       0       0       0       0
Total ram usage:       17 bytes
 Hardware stack levels used:    1
 Hardware stack levels required when called:    3
 This function calls:
		___ftpack
 This function is called by:
		_caluclation
 This function uses a non-reentrant model


 *************** function ___ftadd *****************
 Defined at:
		line 87 in file "C:\Program Files (x86)\Microchip\xc8\v1.21\sources\common\ftadd.c"
 Parameters:    Size  Location     Type
  f1              3   28[COMRAM] float 
  f2              3   31[COMRAM] float 
 Auto vars:     Size  Location     Type
  exp1            1   41[COMRAM] unsigned char 
  exp2            1   40[COMRAM] unsigned char 
  sign            1   39[COMRAM] unsigned char 
 Return value:  Size  Location     Type
                  3   28[COMRAM] float 
 Registers used:
		wreg, status,2, status,0, cstack
 Tracked objects:
		On entry : 
		On exit  : 
		Unchanged: 
 Data sizes:     COMRAM   BANK0   BANK1   BANK2   BANK3   BANK4   BANK5
      Params:         6       0       0       0       0       0       0
      Locals:         3       0       0       0       0       0       0
      Temps:          5       0       0       0       0       0       0
      Totals:        14       0       0       0       0       0       0
Total ram usage:       14 bytes
 Hardware stack levels used:    1
 Hardware stack levels required when called:    3
 This function calls:
		___ftpack
 This function is called by:
		_caluclation
 This function uses a non-reentrant model


 *************** function ___ftpack *****************
 Defined at:
		line 63 in file "C:\Program Files (x86)\Microchip\xc8\v1.21\sources\common\float.c"
 Parameters:    Size  Location     Type
  arg             3   15[COMRAM] unsigned um
  exp             1   18[COMRAM] unsigned char 
  sign            1   19[COMRAM] unsigned char 
 Auto vars:     Size  Location     Type
		None
 Return value:  Size  Location     Type
                  3   15[COMRAM] float 
 Registers used:
		wreg, status,2, status,0
 Tracked objects:
		On entry : 
		On exit  : 
		Unchanged: 
 Data sizes:     COMRAM   BANK0   BANK1   BANK2   BANK3   BANK4   BANK5
      Params:         5       0       0       0       0       0       0
      Locals:         0       0       0       0       0       0       0
      Temps:          3       0       0       0       0       0       0
      Totals:         8       0       0       0       0       0       0
Total ram usage:        8 bytes
 Hardware stack levels used:    1
 Hardware stack levels required when called:    2
 This function calls:
		Nothing
 This function is called by:
		___awtoft
		___ftadd
		___ftdiv
		___ftmul
		___lbtoft
 This function uses a non-reentrant model


 *************** function _init_display *****************
 Defined at:
		line 4 in file "D:\WALEED\live_person\Tahani\bandar\B_stepper\STEPPER\LCD.c"
 Parameters:    Size  Location     Type
		None
 Auto vars:     Size  Location     Type
		None
 Return value:  Size  Location     Type
		None               void
 Registers used:
		wreg, fsr0l, fsr0h, fsr1l, fsr1h, fsr1l, fsr1h, fsr2l, fsr2h, status,2, status,0, pclat, btemp, btemp+1, btemp+2, btemp+3, btemp+4, btemp+5, btemp+6, btemp+7, tosl, structret, tblptrl, tblptrh, tblptru, prodl, prodh, bsr, cstack
 Tracked objects:
		On entry : 
		On exit  : 
		Unchanged: 
 Data sizes:     COMRAM   BANK0   BANK1   BANK2   BANK3   BANK4   BANK5
      Params:         0       0       0       0       0       0       0
      Locals:         0       0       0       0       0       0       0
      Temps:          1       0       0       0       0       0       0
      Totals:         1       0       0       0       0       0       0
Total ram usage:        1 bytes
 Hardware stack levels used:    1
 Hardware stack levels required when called:    3
 This function calls:
		_write_8bit_data
		_write_4bit_data
 This function is called by:
		_main
 This function uses a non-reentrant model


 *************** function _write_4bit_data *****************
 Defined at:
		line 35 in file "D:\WALEED\live_person\Tahani\bandar\B_stepper\STEPPER\LCD.c"
 Parameters:    Size  Location     Type
  data_to_send    1   15[COMRAM] unsigned char 
 Auto vars:     Size  Location     Type
  temp            1   17[COMRAM] unsigned char 
 Return value:  Size  Location     Type
		None               void
 Registers used:
		wreg, status,2, status,0
 Tracked objects:
		On entry : 
		On exit  : 
		Unchanged: 
 Data sizes:     COMRAM   BANK0   BANK1   BANK2   BANK3   BANK4   BANK5
      Params:         1       0       0       0       0       0       0
      Locals:         1       0       0       0       0       0       0
      Temps:          1       0       0       0       0       0       0
      Totals:         3       0       0       0       0       0       0
Total ram usage:        3 bytes
 Hardware stack levels used:    1
 Hardware stack levels required when called:    2
 This function calls:
		Nothing
 This function is called by:
		_init_display
		_write_data
		_write_command
 This function uses a non-reentrant model


 *************** function _write_8bit_data *****************
 Defined at:
		line 26 in file "D:\WALEED\live_person\Tahani\bandar\B_stepper\STEPPER\LCD.c"
 Parameters:    Size  Location     Type
  data_to_send    1   15[COMRAM] unsigned char 
 Auto vars:     Size  Location     Type
		None
 Return value:  Size  Location     Type
		None               void
 Registers used:
		wreg
 Tracked objects:
		On entry : 
		On exit  : 
		Unchanged: 
 Data sizes:     COMRAM   BANK0   BANK1   BANK2   BANK3   BANK4   BANK5
      Params:         1       0       0       0       0       0       0
      Locals:         0       0       0       0       0       0       0
      Temps:          0       0       0       0       0       0       0
      Totals:         1       0       0       0       0       0       0
Total ram usage:        1 bytes
 Hardware stack levels used:    1
 Hardware stack levels required when called:    2
 This function calls:
		Nothing
 This function is called by:
		_init_display
 This function uses a non-reentrant model


 *************** function _chk_isr *****************
 Defined at:
		line 18 in file "D:\WALEED\live_person\Tahani\bandar\B_stepper\STEPPER\main.c"
 Parameters:    Size  Location     Type
		None
 Auto vars:     Size  Location     Type
		None
 Return value:  Size  Location     Type
		None               void
 Registers used:
		wreg, status,2, cstack
 Tracked objects:
		On entry : 
		On exit  : 
		Unchanged: 
 Data sizes:     COMRAM   BANK0   BANK1   BANK2   BANK3   BANK4   BANK5
      Params:         0       0       0       0       0       0       0
      Locals:         0       0       0       0       0       0       0
      Temps:         14       0       0       0       0       0       0
      Totals:        14       0       0       0       0       0       0
Total ram usage:       14 bytes
 Hardware stack levels used:    1
 Hardware stack levels required when called:    1
 This function calls:
		_INT0_isr
 This function is called by:
		Interrupt level 2
 This function uses a non-reentrant model


 *************** function _INT0_isr *****************
 Defined at:
		line 45 in file "D:\WALEED\live_person\Tahani\bandar\B_stepper\STEPPER\main.c"
 Parameters:    Size  Location     Type
		None
 Auto vars:     Size  Location     Type
		None
 Return value:  Size  Location     Type
		None               void
 Registers used:
		wreg, status,2
 Tracked objects:
		On entry : 
		On exit  : 
		Unchanged: 
 Data sizes:     COMRAM   BANK0   BANK1   BANK2   BANK3   BANK4   BANK5
      Params:         0       0       0       0       0       0       0
      Locals:         0       0       0       0       0       0       0
      Temps:          1       0       0       0       0       0       0
      Totals:         1       0       0       0       0       0       0
Total ram usage:        1 bytes
 Hardware stack levels used:    1
 This function calls:
		Nothing
 This function is called by:
		_chk_isr
 This function uses a non-reentrant model



MODULE INFORMATION

Module		Function		Class		Link	Load	Size
C:\Program Files (x86)\Microchip\xc8\v1.21\sources\common\float.c
		___ftpack      		CODE           	0E60	0000	184

C:\Program Files (x86)\Microchip\xc8\v1.21\sources\common\float.c estimated size: 184

D:\WALEED\live_person\Tahani\bandar\B_stepper\STEPPER\main.c
		_init          		CODE           	1012	0000	62
		_display       		CODE           	0F18	0000	98
		_chk_isr       		CODE           	0008	0000	128
		_main          		CODE           	0938	0000	320
		_Flow_Rate     		CODE           	110E	0000	36
		_dec_ASCII     		CODE           	1178	0000	20
		_INT0_isr      		CODE           	119E	0000	16
		_caluclation   		CODE           	07DA	0000	350

D:\WALEED\live_person\Tahani\bandar\B_stepper\STEPPER\main.c estimated size: 1030

shared
		__stringdata   		SMALLCONST     	0600	0000	13
		__initializatio		CODE           	108C	0000	30

shared estimated size: 43

C:\Program Files (x86)\Microchip\xc8\v1.21\sources\common\ftdiv.c
		___ftdiv       		CODE           	0B94	0000	266

C:\Program Files (x86)\Microchip\xc8\v1.21\sources\common\ftdiv.c estimated size: 266

C:\Program Files (x86)\Microchip\xc8\v1.21\sources\common\awtoft.c
		___awtoft      		CODE           	0FCE	0000	68

C:\Program Files (x86)\Microchip\xc8\v1.21\sources\common\awtoft.c estimated size: 68

C:\Program Files (x86)\Microchip\xc8\v1.21\sources\common\lbtoft.c
		___lbtoft      		CODE           	10E4	0000	42

C:\Program Files (x86)\Microchip\xc8\v1.21\sources\common\lbtoft.c estimated size: 42

C:\Program Files (x86)\Microchip\xc8\v1.21\sources\common\ftmul.c
		___ftmul       		CODE           	0A78	0000	284

C:\Program Files (x86)\Microchip\xc8\v1.21\sources\common\ftmul.c estimated size: 284

C:\Program Files (x86)\Microchip\xc8\v1.21\sources\common\fttol.c
		___fttol       		CODE           	0C9E	0000	258

C:\Program Files (x86)\Microchip\xc8\v1.21\sources\common\fttol.c estimated size: 258

C:\Program Files (x86)\Microchip\xc8\v1.21\sources\pic18\asftmul.c
		___asftmul     		CODE           	1050	0000	60

C:\Program Files (x86)\Microchip\xc8\v1.21\sources\pic18\asftmul.c estimated size: 60

D:\WALEED\live_person\Tahani\bandar\B_stepper\STEPPER\LCD.c
		_init_display  		CODE           	0DA0	0000	192
		_write_data    		CODE           	11AE	0000	14
		_set_address_li		CODE           	1164	0000	20
		_set_address_li		CODE           	1150	0000	20
		_write_8bit_dat		CODE           	118C	0000	18
		_write_command 		CODE           	1132	0000	30
		_write_4bit_dat		CODE           	0F7A	0000	84
		_send_msg      		CODE           	10B8	0000	44

D:\WALEED\live_person\Tahani\bandar\B_stepper\STEPPER\LCD.c estimated size: 422

C:\Program Files (x86)\Microchip\xc8\v1.21\sources\common\ftadd.c
		___ftadd       		CODE           	060E	0000	460

C:\Program Files (x86)\Microchip\xc8\v1.21\sources\common\ftadd.c estimated size: 460

